// Jest Snapshot v1, https://goo.gl/fbAQLP

exports[`Issues component should render a snapshot component as specified  1`] = `
<Card>
  <CardContent>
    <CardHeader>
      Git Issues
    </CardHeader>
  </CardContent>
  <CardContent>
    <Feed>
      <List
        divided={true}
        relaxed={true}
      >
        <ListItem>
          <ListContent>
            <ListHeader>
              #1 Git Issue One
            </ListHeader>
            <LabelGroup
              tag={true}
            >
              <div
                className="us tiny label"
              >
                <Label>
                  question
                </Label>
              </div>
            </LabelGroup>
            <ListDescription>
              Assigned To: Jenny
            </ListDescription>
          </ListContent>
        </ListItem>
        <ListItem>
          <ListContent>
            <ListHeader>
              #2 Git Issue One
            </ListHeader>
            <LabelGroup
              tag={true}
            >
              <Label>
                bug
              </Label>
            </LabelGroup>
            <ListDescription>
              Assigned To: Jenny
            </ListDescription>
          </ListContent>
        </ListItem>
        <ListItem>
          <ListContent>
            <ListHeader>
              #3 Git Issue One
            </ListHeader>
            <LabelGroup
              tag={true}
            >
              <Label>
                help
              </Label>
            </LabelGroup>
            <ListDescription>
              Assigned To: Jenny
            </ListDescription>
          </ListContent>
        </ListItem>
      </List>
    </Feed>
  </CardContent>
</Card>
`;
