// Jest Snapshot v1, https://goo.gl/fbAQLP

exports[`Issues component should render a component with props as specified  1`] = `
<Card
  style={
    Object {
      "border": "0.25px solid black",
    }
  }
>
  <CardContent
    style={
      Object {
        "height": "40px",
      }
    }
  >
    <CardHeader
      className="ui center aligned"
      style={
        Object {
          "fontSize": "14px",
        }
      }
    >
      No Issues!
    </CardHeader>
  </CardContent>
</Card>
`;
