// Jest Snapshot v1, https://goo.gl/fbAQLP

exports[`Milestones component should render a component with props as specified  1`] = `
<Card>
  <CardContent>
    <CardHeader
      className="ui center aligned"
    >
      Milestones
    </CardHeader>
    u
  </CardContent>
  <CardContent>
    <Feed>
      <List
        divided={true}
        relaxed={true}
      >
        <Connect(Component)
          milestoneId={2601714}
        />
      </List>
    </Feed>
  </CardContent>
</Card>
`;
