// Jest Snapshot v1, https://goo.gl/fbAQLP

exports[`Milestone entry component should render a component with props as specified  1`] = `
<ListItem>
  <ListContent
    className="ui center aligned"
  >
    <ListHeader>
      sprint 1
    </ListHeader>
    06/23/2017 3:45 p.m.
    <ListDescription>
      2018-06-23T22:45:34Z
    </ListDescription>
  </ListContent>
</ListItem>
`;
