// Jest Snapshot v1, https://goo.gl/fbAQLP

exports[`Org entry component should render a component with props as specified  1`] = `
<GridColumn>
  <Image
    as="img"
    className="hoverable"
    onClick={[Function]}
    size="small"
    src="https://avatars1.githubusercontent.com/u/29614654?v=4"
    ui={true}
  />
  <ListItem
    as="a"
    className="hoverable"
    onClick={[Function]}
  >
    ShareCastG52
  </ListItem>
</GridColumn>
`;
